Phrase: token1 token2, Decoded: token1 token2, Success: True
Phrase: token3 token4, Decoded: token3 token4, Success: True
Phrase: token5 token6, Decoded: token5 token6, Success: True
